WRITEUP UNIVERSO MARVEL - Episodio 1 - 1ª parte
===============================================

Partimos de un fichero .pcap con una captura de datos wifi 802.11. Vemos que tenemos un hasdshake WPA, así que pasamos al ataque por diccionario y le pasamos el rockyou.txt.

Aquí tenemos dos opciones, usar el aircrack-ng, que usa CPU y con el que conseguimos (en mi equipo) unas 4.000 claves por segundo y tardamos 20minutos, o bien usar hashcat, que permite el uso de la GPU que tengamos y que multiplica por 35 la velocidad, reduciendo el tiempo de crackeo a unos 50 segundos.

$ aircrack-ng capture-01.cap -w rockyou.txt

$ cap2hccapx.bin capture-01.cap output.hccap
$ hashcat-5.1.0/hashcat64.bin -m 2500 output.hccap rockyou.txt


Obtenemos que la clave para la red "Hydra Corp" es hydra54321. Desciframos el pcap para luego analizarlo en wireshark:

$ airdecap-ng -p hydra54321 -e "Hydra Corp" capture-01.cap


Analizando el fichero generado (capture-01-dec.cap), vemos que hay peticiones a la web http://34.247.69.86/universomarvel/episodio1. Abrimos esa web en el navegador y comprobamos que podemos entrar con cualquier email y contraseña. La web tiene varios apartados, estando uno de ellos inaccesible (Ubicación de la base).
Analizando las peticiones que se generan al pinchar cada enlace, vemos que todas llaman al script database.php?load=ALGO_EN_BASE32. Ese parámetro load contiene las palabras dashboard,calendario,misiones y mapas, codificados en base32.

Después de trastear un rato, nos damos cuenta que al hacer una llamada a ese script sin cookies (concretamente sin el cookie de sesión), en lugar de código html nos devuelve un texto codificado en rot13 y posteriormente en base64. Este texto coincide con el que vemos desde el analizador de red del navegador.

Haciendo la petición al recurso 'mapas', vemos que, en lugar de error, también recibimos un base64 que después de pasarle el rot13 nos queda así:

$ curl -s 'http://34.247.69.86/universomarvel/episodio1/databases.php?load=NVQXAYLT' | base64 -d | rot13
{"Ubicaciones": {
	    "Base Principal": { 
	        "Nombre": "Isla Hydra",
	        "Coords": "37°21′N 23°28′E",
	    },
	    "Base Secreta": {
	        "Nombre": "Flag",
	        "Coords": "UAM{46863d92858b486c29f759767e53e92f}",
	    }
	}

Y ahí tenemos la flag.


Julián J. M.
julianjm@gmail.com
Telegram: @julianjm
